ASxxxx Linker V03.00 + NoICE + sdld,  page 1.
Hexadecimal  [32-Bits]

Area                                    Addr        Size        Decimal Bytes (Attributes)
--------------------------------        ----        ----        ------- ----- ------------
CABS                                00000000    00000000 =           0. bytes (ABS,CON,CODE)

      Value  Global                              Global Defined In Module
      -----  --------------------------------   ------------------------
C:   00000000  l_BIT_BANK                      
C:   00000000  l_BSEG                          
C:   00000000  l_BSEG_BYTES                    
C:   00000000  l_CABS                          
C:   00000000  l_CONST                         
C:   00000000  l_GSINIT                        
C:   00000000  l_GSINIT1                       
C:   00000000  l_GSINIT5                       
C:   00000000  l_IABS                          
C:   00000000  l_ISEG                          
C:   00000000  l_OSEG                          
C:   00000000  l_PSEG                          
C:   00000000  l_REG_BANK_1                    
C:   00000000  l_REG_BANK_2                    
C:   00000000  l_REG_BANK_3                    
C:   00000000  l_RSEG                          
C:   00000000  l_RSEG0                         
C:   00000000  l_RSEG1                         
C:   00000000  l_XABS                          
C:   00000000  l_XINIT                         
C:   00000000  l_XISEG                         
C:   00000000  l_XSEG                          
C:   00000000  l__CODE                         
C:   00000000  s_BSEG                          
C:   00000000  s_CABS                          
C:   00000000  s_DSEG                          
C:   00000000  s_HOME                          
C:   00000000  s_IABS                          
C:   00000000  s_ISEG                          
C:   00000000  s_REG_BANK_0                    
C:   00000000  s_RSEG                          
C:   00000000  s_RSEG0                         
C:   00000000  s_RSEG1                         
C:   00000000  s_XABS                          
C:   00000001  s_PSEG                          
C:   00000001  s_XISEG                         
C:   00000001  s_XSEG                          
C:   00000003  l_GSFINAL                       
C:   00000003  l_GSINIT0                       
C:   00000006  l_HOME                          
C:   00000006  s_GSINIT0                       
C:   00000008  l_REG_BANK_0                    
C:   00000008  s_REG_BANK_1                    
C:   00000008  s_SSEG                          
C:   00000009  s_GSINIT1                       
C:   00000009  s_GSINIT2                       
C:   0000000A  l_GSINIT2                       
C:   00000010  s_REG_BANK_2                    
C:   00000013  s_GSINIT3                       
C:   00000018  s_BIT_BANK                      
ASxxxx Linker V03.00 + NoICE + sdld,  page 2.
Hexadecimal  [32-Bits]

Area                                    Addr        Size        Decimal Bytes (Attributes)
--------------------------------        ----        ----        ------- ----- ------------
CABS                                00000000    00000000 =           0. bytes (ABS,CON,CODE)

      Value  Global                              Global Defined In Module
      -----  --------------------------------   ------------------------
C:   00000018  s_OSEG                          
C:   00000018  s_REG_BANK_3                    
C:   00000020  s_BSEG_BYTES                    
C:   00000020  s__CODE                         
C:   00000022  l_GSINIT3                       
C:   0000002A  l_GSINIT4                       
C:   00000035  s_GSINIT4                       
C:   0000005F  s_GSFINAL                       
C:   0000005F  s_GSINIT                        
C:   0000005F  s_GSINIT5                       
C:   00000062  s_CSEG                          
C:   00000080  l_DSEG                          
C:   0000008E  l_CSEG                          
C:   000000F0  s_CONST                         
C:   000000F0  s_XINIT                         
C:   000000F8  l_SSEG                          
C:   00000100  l_IRAM                          

ASxxxx Linker V03.00 + NoICE + sdld,  page 3.
Hexadecimal  [32-Bits]

Area                                    Addr        Size        Decimal Bytes (Attributes)
--------------------------------        ----        ----        ------- ----- ------------
.  .ABS.                            00000000    00000000 =           0. bytes (ABS,CON)

      Value  Global                              Global Defined In Module
      -----  --------------------------------   ------------------------
     00000000  .__.ABS.                           _startup
     00000080  _P0                                Delay
     00000080  _P00                               Delay
     00000081  _P01                               Delay
     00000081  _SP                                Delay
     00000082  _DPL                               Delay
     00000082  _P02                               Delay
     00000083  _DPH                               Delay
     00000083  _P03                               Delay
     00000084  _P04                               Delay
     00000084  _S4CON                             Delay
     00000085  _P05                               Delay
     00000085  _S4BUF                             Delay
     00000086  _P06                               Delay
     00000087  _P07                               Delay
     00000087  _PCON                              Delay
     00000088  _IT0                               Delay
     00000088  _TCON                              Delay
     00000089  _IE0                               Delay
     00000089  _TMOD                              Delay
     0000008A  _IT1                               Delay
     0000008A  _TL0                               Delay
     0000008B  _IE1                               Delay
     0000008B  _TL1                               Delay
     0000008C  _TH0                               Delay
     0000008C  _TR0                               Delay
     0000008D  _TF0                               Delay
     0000008D  _TH1                               Delay
     0000008E  _AUXR                              Delay
     0000008E  _TR1                               Delay
     0000008F  _INT_CLKO                          Delay
     0000008F  _TF1                               Delay
     00000090  _P1                                Delay
     00000090  _P10                               Delay
     00000091  _P11                               Delay
     00000091  _P1M1                              Delay
     00000092  _P12                               Delay
     00000092  _P1M0                              Delay
     00000093  _P0M1                              Delay
     00000093  _P13                               Delay
     00000094  _P0M0                              Delay
     00000094  _P14                               Delay
     00000095  _P15                               Delay
     00000095  _P2M1                              Delay
     00000096  _P16                               Delay
     00000096  _P2M0                              Delay
     00000097  _CLK_DIV                           Delay
     00000097  _P17                               Delay
     00000098  _RI                                Delay
     00000098  _SCON                              Delay
ASxxxx Linker V03.00 + NoICE + sdld,  page 4.
Hexadecimal  [32-Bits]

Area                                    Addr        Size        Decimal Bytes (Attributes)
--------------------------------        ----        ----        ------- ----- ------------
.  .ABS.                            00000000    00000000 =           0. bytes (ABS,CON)

      Value  Global                              Global Defined In Module
      -----  --------------------------------   ------------------------
     00000099  _SBUF                              Delay
     00000099  _TI                                Delay
     0000009A  _RB8                               Delay
     0000009A  _S2CON                             Delay
     0000009B  _S2BUF                             Delay
     0000009B  _TB8                               Delay
     0000009C  _REN                               Delay
     0000009D  _P1ASF                             Delay
     0000009D  _SM2                               Delay
     0000009E  _SM1                               Delay
     0000009F  _SM0                               Delay
     000000A0  _P2                                Delay
     000000A0  _P20                               Delay
     000000A0  __XPAGE                            
     000000A1  _BUS_SPEED                         Delay
     000000A1  _P21                               Delay
     000000A2  _AUXR1                             Delay
     000000A2  _P22                               Delay
     000000A2  _P_SW1                             Delay
     000000A3  _P23                               Delay
     000000A4  _P24                               Delay
     000000A5  _P25                               Delay
     000000A6  _P26                               Delay
     000000A7  _P27                               Delay
     000000A8  _EX0                               Delay
     000000A8  _IE                                Delay
     000000A9  _ET0                               Delay
     000000A9  _SADDR                             Delay
     000000AA  _EX1                               Delay
     000000AA  _WKTCL                             Delay
     000000AB  _ET1                               Delay
     000000AB  _WKTCH                             Delay
     000000AC  _ES                                Delay
     000000AC  _S3CON                             Delay
     000000AD  _EADC                              Delay
     000000AD  _S3BUF                             Delay
     000000AE  _ELVD                              Delay
     000000AF  _EA                                Delay
     000000AF  _IE2                               Delay
     000000B0  _LED0                              main
     000000B0  _P3                                Delay
     000000B0  _P30                               Delay
     000000B1  _LED1                              main
     000000B1  _P31                               Delay
     000000B1  _P3M1                              Delay
     000000B2  _LED2                              main
     000000B2  _P32                               Delay
     000000B2  _P3M0                              Delay
     000000B3  _LED3                              main
     000000B3  _P33                               Delay
     000000B3  _P4M1                              Delay
ASxxxx Linker V03.00 + NoICE + sdld,  page 5.
Hexadecimal  [32-Bits]

Area                                    Addr        Size        Decimal Bytes (Attributes)
--------------------------------        ----        ----        ------- ----- ------------
.  .ABS.                            00000000    00000000 =           0. bytes (ABS,CON)

      Value  Global                              Global Defined In Module
      -----  --------------------------------   ------------------------
     000000B4  _LED4                              main
     000000B4  _P34                               Delay
     000000B4  _P4M0                              Delay
     000000B5  _IP2                               Delay
     000000B5  _LED5                              main
     000000B5  _P35                               Delay
     000000B6  _P36                               Delay
     000000B7  _P37                               Delay
     000000B8  _IP                                Delay
     000000B8  _PX0                               Delay
     000000B9  _PT0                               Delay
     000000B9  _SADEN                             Delay
     000000BA  _PX1                               Delay
     000000BA  _P_SW2                             Delay
     000000BB  _IRC_CLKO                          Delay
     000000BB  _PT1                               Delay
     000000BC  _ADC_CONTR                         Delay
     000000BC  _PS                                Delay
     000000BD  _ADC_RES                           Delay
     000000BD  _PADC                              Delay
     000000BE  _ADC_RESL                          Delay
     000000BE  _PLVD                              Delay
     000000BF  _PPCA                              Delay
     000000C0  _P4                                Delay
     000000C0  _P40                               Delay
     000000C1  _P41                               Delay
     000000C1  _WDT_CONTR                         Delay
     000000C2  _IAP_DATA                          Delay
     000000C2  _P42                               Delay
     000000C3  _IAP_ADDRH                         Delay
     000000C3  _P43                               Delay
     000000C4  _IAP_ADDRL                         Delay
     000000C4  _P44                               Delay
     000000C5  _IAP_CMD                           Delay
     000000C5  _P45                               Delay
     000000C6  _IAP_TRIG                          Delay
     000000C6  _P46                               Delay
     000000C7  _IAP_CONTR                         Delay
     000000C7  _P47                               Delay
     000000C8  _P5                                Delay
     000000C8  _P50                               Delay
     000000C9  _P51                               Delay
     000000C9  _P5M1                              Delay
     000000CA  _P52                               Delay
     000000CA  _P5M0                              Delay
     000000CB  _P53                               Delay
     000000CB  _P6M1                              Delay
     000000CC  _P54                               Delay
     000000CC  _P6M0                              Delay
     000000CD  _P55                               Delay
     000000CD  _SPSTAT                            Delay
ASxxxx Linker V03.00 + NoICE + sdld,  page 6.
Hexadecimal  [32-Bits]

Area                                    Addr        Size        Decimal Bytes (Attributes)
--------------------------------        ----        ----        ------- ----- ------------
.  .ABS.                            00000000    00000000 =           0. bytes (ABS,CON)

      Value  Global                              Global Defined In Module
      -----  --------------------------------   ------------------------
     000000CE  _P56                               Delay
     000000CE  _SPCTL                             Delay
     000000CF  _P57                               Delay
     000000CF  _SPDAT                             Delay
     000000D0  _P                                 Delay
     000000D0  _PSW                               Delay
     000000D1  _T3T4M                             Delay
     000000D1  _T4T3M                             Delay
     000000D2  _OV                                Delay
     000000D2  _T4H                               Delay
     000000D3  _RS0                               Delay
     000000D3  _T4L                               Delay
     000000D4  _RS1                               Delay
     000000D4  _T3H                               Delay
     000000D5  _F0                                Delay
     000000D5  _T3L                               Delay
     000000D6  _AC                                Delay
     000000D6  _T2H                               Delay
     000000D7  _CY                                Delay
     000000D7  _T2L                               Delay
     000000D8  _CCF0                              Delay
     000000D8  _CCON                              Delay
     000000D9  _CCF1                              Delay
     000000D9  _CMOD                              Delay
     000000DA  _CCAPM0                            Delay
     000000DA  _CCF2                              Delay
     000000DB  _CCAPM1                            Delay
     000000DC  _CCAPM2                            Delay
     000000DE  _CR                                Delay
     000000DF  _CF                                Delay
     000000E0  _ACC                               Delay
     000000E1  _P7M1                              Delay
     000000E2  _P7M0                              Delay
     000000E8  _P6                                Delay
     000000E8  _P60                               Delay
     000000E9  _CL                                Delay
     000000E9  _P61                               Delay
     000000EA  _CCAP0L                            Delay
     000000EA  _P62                               Delay
     000000EB  _CCAP1L                            Delay
     000000EB  _P63                               Delay
     000000EC  _CCAP2L                            Delay
     000000EC  _P64                               Delay
     000000ED  _P65                               Delay
     000000EE  _P66                               Delay
     000000EF  _P67                               Delay
     000000F0  _B                                 Delay
     000000F2  _PCA_PWM0                          Delay
     000000F3  _PCA_PWM1                          Delay
     000000F4  _PCA_PWM2                          Delay
     000000F8  _P7                                Delay
ASxxxx Linker V03.00 + NoICE + sdld,  page 7.
Hexadecimal  [32-Bits]

Area                                    Addr        Size        Decimal Bytes (Attributes)
--------------------------------        ----        ----        ------- ----- ------------
.  .ABS.                            00000000    00000000 =           0. bytes (ABS,CON)

      Value  Global                              Global Defined In Module
      -----  --------------------------------   ------------------------
     000000F8  _P70                               Delay
     000000F9  _CH                                Delay
     000000F9  _P71                               Delay
     000000FA  _CCAP0H                            Delay
     000000FA  _P72                               Delay
     000000FB  _CCAP1H                            Delay
     000000FB  _P73                               Delay
     000000FC  _CCAP2H                            Delay
     000000FC  _P74                               Delay
     000000FD  _P75                               Delay
     000000FE  _P76                               Delay
     000000FF  _P77                               Delay

ASxxxx Linker V03.00 + NoICE + sdld,  page 8.
Hexadecimal  [32-Bits]

Area                                    Addr        Size        Decimal Bytes (Attributes)
--------------------------------        ----        ----        ------- ----- ------------
REG_BANK_0                          00000000    00000008 =           8. bytes (REL,OVR)

      Value  Global                              Global Defined In Module
      -----  --------------------------------   ------------------------
ASxxxx Linker V03.00 + NoICE + sdld,  page 9.
Hexadecimal  [32-Bits]

Area                                    Addr        Size        Decimal Bytes (Attributes)
--------------------------------        ----        ----        ------- ----- ------------
DSEG                                00000000    00000080 =         128. bytes (REL,CON)

      Value  Global                              Global Defined In Module
      -----  --------------------------------   ------------------------
ASxxxx Linker V03.00 + NoICE + sdld,  page 10.
Hexadecimal  [32-Bits]

Area                                    Addr        Size        Decimal Bytes (Attributes)
--------------------------------        ----        ----        ------- ----- ------------
SSEG                                00000008    000000F8 =         248. bytes (REL,OVR)

      Value  Global                              Global Defined In Module
      -----  --------------------------------   ------------------------
     00000008  __start__stack                     main

ASxxxx Linker V03.00 + NoICE + sdld,  page 11.
Hexadecimal  [32-Bits]

Area                                    Addr        Size        Decimal Bytes (Attributes)
--------------------------------        ----        ----        ------- ----- ------------
HOME                                00000000    00000006 =           6. bytes (REL,CON,CODE)

      Value  Global                              Global Defined In Module
      -----  --------------------------------   ------------------------
C:   00000003  __sdcc_program_startup             main

ASxxxx Linker V03.00 + NoICE + sdld,  page 12.
Hexadecimal  [32-Bits]

Area                                    Addr        Size        Decimal Bytes (Attributes)
--------------------------------        ----        ----        ------- ----- ------------
GSINIT0                             00000006    00000003 =           3. bytes (REL,CON,CODE)

      Value  Global                              Global Defined In Module
      -----  --------------------------------   ------------------------
C:   00000006  __sdcc_gsinit_startup              

ASxxxx Linker V03.00 + NoICE + sdld,  page 13.
Hexadecimal  [32-Bits]

Area                                    Addr        Size        Decimal Bytes (Attributes)
--------------------------------        ----        ----        ------- ----- ------------
GSINIT2                             00000009    0000000A =          10. bytes (REL,CON,CODE)

      Value  Global                              Global Defined In Module
      -----  --------------------------------   ------------------------
ASxxxx Linker V03.00 + NoICE + sdld,  page 14.
Hexadecimal  [32-Bits]

Area                                    Addr        Size        Decimal Bytes (Attributes)
--------------------------------        ----        ----        ------- ----- ------------
GSINIT3                             00000013    00000022 =          34. bytes (REL,CON,CODE)

      Value  Global                              Global Defined In Module
      -----  --------------------------------   ------------------------
C:   00000013  __mcs51_genXINIT                   

ASxxxx Linker V03.00 + NoICE + sdld,  page 15.
Hexadecimal  [32-Bits]

Area                                    Addr        Size        Decimal Bytes (Attributes)
--------------------------------        ----        ----        ------- ----- ------------
GSINIT4                             00000035    0000002A =          42. bytes (REL,CON,CODE)

      Value  Global                              Global Defined In Module
      -----  --------------------------------   ------------------------
C:   00000035  __mcs51_genRAMCLEAR                
C:   0000003B  __mcs51_genXRAMCLEAR               

ASxxxx Linker V03.00 + NoICE + sdld,  page 16.
Hexadecimal  [32-Bits]

Area                                    Addr        Size        Decimal Bytes (Attributes)
--------------------------------        ----        ----        ------- ----- ------------
GSFINAL                             0000005F    00000003 =           3. bytes (REL,CON,CODE)

      Value  Global                              Global Defined In Module
      -----  --------------------------------   ------------------------
ASxxxx Linker V03.00 + NoICE + sdld,  page 17.
Hexadecimal  [32-Bits]

Area                                    Addr        Size        Decimal Bytes (Attributes)
--------------------------------        ----        ----        ------- ----- ------------
CSEG                                00000062    0000008E =         142. bytes (REL,CON,CODE)

      Value  Global                              Global Defined In Module
      -----  --------------------------------   ------------------------
C:   00000062  _delay                             main
C:   0000008B  _main                              main
C:   000000C3  _delay_ms                          Delay
C:   000000EC  __sdcc_external_startup            _startup

ASxxxx Linker V03.00 + NoICE + sdld,  page 18.

Files Linked                              [ module(s) ]

C:\Users\User\Documents\GitHub\EveIDE_LIGHT\source\t_workspace\C51FirstTest\obj\main.rel
                                          [  ]
C:\Users\User\Documents\GitHub\EveIDE_LIGHT\source\t_workspace\C51FirstTest\obj\Delay.rel
                                          [  ]


Libraries Linked                          [ object file ]

C:\Users\User\Downloads\Code51200318\Code51\SDCC\bin\..\lib\small-stack-auto/mcs51.lib
                                          [ crtclear.rel ]
C:\Users\User\Downloads\Code51200318\Code51\SDCC\bin\..\lib\small-stack-auto/mcs51.lib
                                          [ crtxinit.rel ]
C:\Users\User\Downloads\Code51200318\Code51\SDCC\bin\..\lib\small-stack-auto/mcs51.lib
                                          [ crtxclear.rel ]
C:\Users\User\Downloads\Code51200318\Code51\SDCC\bin\..\lib\small-stack-auto/mcs51.lib
                                          [ crtpagesfr.rel ]
C:\Users\User\Downloads\Code51200318\Code51\SDCC\bin\..\lib\small-stack-auto/mcs51.lib
                                          [ crtstart.rel ]
C:\Users\User\Downloads\Code51200318\Code51\SDCC\bin\..\lib\small-stack-auto/libsdcc.lib
                                          [ _startup.rel ]

ASxxxx Linker V03.00 + NoICE + sdld,  page 19.

User Base Address Definitions

HOME = 0x0000
XSEG = 0x0001
PSEG = 0x0001
ISEG = 0x0000
BSEG = 0x0000

